
> vite_react_shadcn_ts@0.0.0 build
> vite build

[36mvite v5.4.19 [32mbuilding for production...[36m[39m
transforming...
node.exe : 
Browserslist: 
browsers data 
(caniuse-lite) is 8 
months old. Please 
run:
At line:1 char:1
+ & "C:\Program Files
\nodejs/node.exe" "C:
\Users\natra\AppData\
Roaming\ ...
+ ~~~~~~~~~~~~~~~~~~~
~~~~~~~~~~~~~~~~~~~~~
~~~~~~~~~~~~~~~~~~~~~
~~~~~~~~
    + CategoryInfo   
           : NotSpe  
  cified: (Browser   
 slist: b...ld. P    
lease run::Strin    
g) [], RemoteExc    
eption
    + FullyQualified 
   ErrorId : Native  
  CommandError
 
  npx update-browsers
list-db@latest
  Why you should do 
it regularly: https:/
/github.com/browsersl
ist/update-db#readme
[32mΓ£ô[39m 118 modules transformed.
[31mx[39m Build 
failed in 1.88s
[31merror during 
build:
[31mCould not 
resolve 
"./TargetCursor.css" 
from "src/components/
TargetCursor.jsx"[31
m
file: 
[36mD:/downloads/vs 
code/.vscode/Portfoli
o-main/src/components
/TargetCursor.jsx[31
m
    at 
getRollupError (file:
///D:/downloads/vs%20
code/.vscode/Portfoli
o-main/node_modules/r
ollup/dist/es/shared/
parseAst.js:392:41)
    at error (file://
/D:/downloads/vs%20co
de/.vscode/Portfolio-
main/node_modules/rol
lup/dist/es/shared/pa
rseAst.js:388:42)
    at ModuleLoader.h
andleInvalidResolvedI
d (file:///D:/downloa
ds/vs%20code/.vscode/
Portfolio-main/node_m
odules/rollup/dist/es
/shared/node-entry.js
:19256:24)
    at file:///D:/dow
nloads/vs%20code/.vsc
ode/Portfolio-main/no
de_modules/rollup/dis
t/es/shared/node-entr
y.js:19216:26[39m
